// Vitest Snapshot v1, https://vitest.dev/guide/snapshot.html

exports[`Card > should render Card component 1`] = `
<div>
  <div
    class="sc-gueYoa grPacT"
  />
</div>
`;
